// Jest Snapshot v1, https://goo.gl/fbAQLP

exports[`Renders 1`] = `"{\\"_reactInternalInstance\\":\\"censored\\"}"`;
